// Vitest Snapshot v1, https://vitest.dev/guide/snapshot.html

exports[`Input emulator commands test 1`] = `
[
  {
    "cmd": {
      "payload": "1",
      "type": "PUT_SYMBOL",
    },
    "selectionEnd": 1,
    "selectionStart": 1,
    "value": "1",
    "withCaret": "1|",
  },
  {
    "cmd": {
      "payload": "34",
      "type": "PUT_SYMBOL",
    },
    "selectionEnd": 3,
    "selectionStart": 3,
    "value": "134",
    "withCaret": "134|",
  },
  {
    "cmd": {
      "payload": -2,
      "type": "MOVE_CARET",
    },
    "selectionEnd": 1,
    "selectionStart": 1,
    "value": "134",
    "withCaret": "1|34",
  },
  {
    "cmd": {
      "payload": "2",
      "type": "PUT_SYMBOL",
    },
    "selectionEnd": 2,
    "selectionStart": 2,
    "value": "1234",
    "withCaret": "12|34",
  },
  {
    "cmd": {
      "payload": 100,
      "type": "MOVE_CARET",
    },
    "selectionEnd": 4,
    "selectionStart": 4,
    "value": "1234",
    "withCaret": "1234|",
  },
  {
    "cmd": {
      "payload": "5",
      "type": "PUT_SYMBOL",
    },
    "selectionEnd": 5,
    "selectionStart": 5,
    "value": "12345",
    "withCaret": "12345|",
  },
  {
    "cmd": {
      "payload": -100,
      "type": "MOVE_CARET",
    },
    "selectionEnd": 0,
    "selectionStart": 0,
    "value": "12345",
    "withCaret": "|12345",
  },
  {
    "cmd": {
      "payload": "0",
      "type": "PUT_SYMBOL",
    },
    "selectionEnd": 1,
    "selectionStart": 1,
    "value": "012345",
    "withCaret": "0|12345",
  },
  {
    "cmd": {
      "payload": "d",
      "type": "PUT_SYMBOL",
    },
    "selectionEnd": 2,
    "selectionStart": 2,
    "value": "0d12345",
    "withCaret": "0d|12345",
  },
  {
    "cmd": {
      "type": "BACKSPACE",
    },
    "selectionEnd": 1,
    "selectionStart": 1,
    "value": "012345",
    "withCaret": "0|12345",
  },
  {
    "cmd": {
      "type": "BACKSPACE",
    },
    "selectionEnd": 0,
    "selectionStart": 0,
    "value": "12345",
    "withCaret": "|12345",
  },
  {
    "cmd": {
      "type": "BACKSPACE",
    },
    "selectionEnd": 0,
    "selectionStart": 0,
    "value": "12345",
    "withCaret": "|12345",
  },
  {
    "cmd": {
      "payload": 100,
      "type": "MOVE_CARET",
    },
    "selectionEnd": 5,
    "selectionStart": 5,
    "value": "12345",
    "withCaret": "12345|",
  },
  {
    "cmd": {
      "type": "BACKSPACE",
    },
    "selectionEnd": 4,
    "selectionStart": 4,
    "value": "1234",
    "withCaret": "1234|",
  },
  {
    "cmd": {
      "payload": -1,
      "type": "MOVE_CARET",
    },
    "selectionEnd": 3,
    "selectionStart": 3,
    "value": "1234",
    "withCaret": "123|4",
  },
  {
    "cmd": {
      "type": "BACKSPACE",
    },
    "selectionEnd": 2,
    "selectionStart": 2,
    "value": "124",
    "withCaret": "12|4",
  },
  {
    "cmd": {
      "payload": "3",
      "type": "PUT_SYMBOL",
    },
    "selectionEnd": 3,
    "selectionStart": 3,
    "value": "1234",
    "withCaret": "123|4",
  },
  {
    "cmd": {
      "payload": 100,
      "type": "MOVE_CARET",
    },
    "selectionEnd": 4,
    "selectionStart": 4,
    "value": "1234",
    "withCaret": "1234|",
  },
  {
    "cmd": {
      "type": "DELETE",
    },
    "selectionEnd": 4,
    "selectionStart": 4,
    "value": "1234",
    "withCaret": "1234|",
  },
  {
    "cmd": {
      "payload": -1,
      "type": "MOVE_CARET",
    },
    "selectionEnd": 3,
    "selectionStart": 3,
    "value": "1234",
    "withCaret": "123|4",
  },
  {
    "cmd": {
      "type": "DELETE",
    },
    "selectionEnd": 3,
    "selectionStart": 3,
    "value": "123",
    "withCaret": "123|",
  },
  {
    "cmd": {
      "payload": -2,
      "type": "MOVE_CARET",
    },
    "selectionEnd": 1,
    "selectionStart": 1,
    "value": "123",
    "withCaret": "1|23",
  },
  {
    "cmd": {
      "type": "DELETE",
    },
    "selectionEnd": 1,
    "selectionStart": 1,
    "value": "13",
    "withCaret": "1|3",
  },
  {
    "cmd": {
      "payload": -100,
      "type": "MOVE_CARET",
    },
    "selectionEnd": 0,
    "selectionStart": 0,
    "value": "13",
    "withCaret": "|13",
  },
  {
    "cmd": {
      "type": "DELETE",
    },
    "selectionEnd": 0,
    "selectionStart": 0,
    "value": "3",
    "withCaret": "|3",
  },
  {
    "cmd": {
      "type": "DELETE",
    },
    "selectionEnd": 0,
    "selectionStart": 0,
    "value": "",
    "withCaret": "|",
  },
  {
    "cmd": {
      "type": "DELETE",
    },
    "selectionEnd": 0,
    "selectionStart": 0,
    "value": "",
    "withCaret": "|",
  },
]
`;

exports[`Input emulator work as React if values dont match 1`] = `
[
  {
    "cmd": {
      "payload": "1",
      "type": "PUT_SYMBOL",
    },
    "selectionEnd": 1,
    "selectionStart": 1,
    "value": "1",
    "withCaret": "1|",
  },
  {
    "cmd": {
      "payload": "2",
      "type": "PUT_SYMBOL",
    },
    "selectionEnd": 2,
    "selectionStart": 2,
    "value": "12",
    "withCaret": "12|",
  },
  {
    "cmd": {
      "payload": -100,
      "type": "MOVE_CARET",
    },
    "selectionEnd": 0,
    "selectionStart": 0,
    "value": "12",
    "withCaret": "|12",
  },
  {
    "cmd": {
      "payload": "3",
      "type": "PUT_SYMBOL",
    },
    "selectionEnd": 4,
    "selectionStart": 4,
    "value": "-312",
    "withCaret": "-312|",
  },
]
`;

exports[`renderInputState test 1`] = `
[
  "h[ell]o",
  "[hello]",
  "hello|",
  "|hello",
  "he|llo",
]
`;
